// Jest Snapshot v1, https://goo.gl/fbAQLP

exports[`@foo-software/react-lazy-offscreen-image package should match snapshot 1`] = `
Object {
  "LazyOffscreenImage": [Function],
}
`;
